Rc files read:
  NONE
Latexmk: This is Latexmk, John Collins, 11 Dec. 2024. Version 4.86.
Latexmk: applying rule 'pdflatex'...
Rule 'pdflatex':  Reasons for rerun
Changed files or newly in use/created:
  grain_can_framework_style_v22.tex
Category 'changed_user':
  grain_can_framework_style_v22.tex

------------
Run number 1 of rule 'pdflatex'
------------
------------
Running 'pdflatex  -interaction=nonstopmode -recorder  "grain_can_framework_style_v22.tex"'
------------
This is pdfTeX, Version 3.141592653-2.6-1.40.26 (TeX Live 2025/dev/Debian) (preloaded format=pdflatex)
 restricted \write18 enabled.
entering extended mode
(./grain_can_framework_style_v22.tex
LaTeX2e <2024-11-01> patch level 2
L3 programming layer <2025-01-18>
(./llncs.cls
Document Class: llncs 2024/01/29 v2.24 
 LaTeX document class for Lecture Notes in Computer Science
(/usr/share/texlive/texmf-dist/tex/latex/base/article.cls
Document Class: article 2024/06/29 v1.4n Standard LaTeX document class
(/usr/share/texlive/texmf-dist/tex/latex/base/size10.clo))
(/usr/share/texlive/texmf-dist/tex/latex/tools/multicol.sty)
(/usr/share/texlive/texmf-dist/tex/latex/oberdiek/aliascnt.sty))
(/usr/share/texlive/texmf-dist/tex/latex/base/fontenc.sty)
(/usr/share/texlive/texmf-dist/tex/latex/graphics/graphicx.sty
(/usr/share/texlive/texmf-dist/tex/latex/graphics/keyval.sty)
(/usr/share/texlive/texmf-dist/tex/latex/graphics/graphics.sty
(/usr/share/texlive/texmf-dist/tex/latex/graphics/trig.sty)
(/usr/share/texlive/texmf-dist/tex/latex/graphics-cfg/graphics.cfg)
(/usr/share/texlive/texmf-dist/tex/latex/graphics-def/pdftex.def)))
(/usr/share/texlive/texmf-dist/tex/latex/amsmath/amsmath.sty
For additional information on amsmath, use the `?' option.
(/usr/share/texlive/texmf-dist/tex/latex/amsmath/amstext.sty
(/usr/share/texlive/texmf-dist/tex/latex/amsmath/amsgen.sty))
(/usr/share/texlive/texmf-dist/tex/latex/amsmath/amsbsy.sty)
(/usr/share/texlive/texmf-dist/tex/latex/amsmath/amsopn.sty)

Package amsmath Warning: Unable to redefine math accent \vec.

) (/usr/share/texlive/texmf-dist/tex/latex/booktabs/booktabs.sty)
(/usr/share/texlive/texmf-dist/tex/latex/tools/array.sty)
(/usr/share/texlive/texmf-dist/tex/latex/tools/tabularx.sty)
(/usr/share/texlive/texmf-dist/tex/latex/url/url.sty)
(/usr/share/texlive/texmf-dist/tex/latex/placeins/placeins.sty)
(/usr/share/texlive/texmf-dist/tex/latex/float/float.sty)
(/usr/share/texmf/tex/latex/lm/lmodern.sty)
(/usr/share/texlive/texmf-dist/tex/latex/microtype/microtype.sty
(/usr/share/texlive/texmf-dist/tex/latex/etoolbox/etoolbox.sty)
(/usr/share/texlive/texmf-dist/tex/latex/microtype/microtype-pdftex.def)
(/usr/share/texlive/texmf-dist/tex/latex/microtype/microtype.cfg))
(/usr/share/texmf/tex/latex/lm/t1lmr.fd)
(/usr/share/texlive/texmf-dist/tex/latex/l3backend/l3backend-pdftex.def)
(./grain_can_framework_style_v22.aux)
(/usr/share/texlive/texmf-dist/tex/context/base/mkii/supp-pdf.mkii
[Loading MPS to PDF converter (version 2006.09.02).]
) (/usr/share/texlive/texmf-dist/tex/latex/epstopdf-pkg/epstopdf-base.sty
(/usr/share/texlive/texmf-dist/tex/latex/latexconfig/epstopdf-sys.cfg))
(/usr/share/texlive/texmf-dist/tex/latex/microtype/mt-cmr.cfg)
(/usr/share/texmf/tex/latex/lm/ot1lmr.fd)
(/usr/share/texmf/tex/latex/lm/omllmm.fd)
(/usr/share/texmf/tex/latex/lm/omslmsy.fd)
(/usr/share/texmf/tex/latex/lm/omxlmex.fd)
(/usr/share/texmf/tex/latex/lm/t1lmtt.fd)
Underfull \hbox (badness 2698) in paragraph at lines 36--36
 [][]\T1/lmr/m/n/9 (+20) This work is sup-ported by the Na-tional Nat-u-ral Sci
-ence Foun-da-tion of

Underfull \hbox (badness 1931) in paragraph at lines 36--36
 \T1/lmr/m/n/9 (+20) (LMS26E080008), Beijing-Tianjin-Hebei Ba-sic Re-search Co-
op-er-a-tion Project

[1{/var/lib/texmf/fonts/map/pdftex/updmap/pdftex.map}{/usr/share/texmf/fonts/en
c/dvips/lm/lm-ec.enc}{/usr/share/texmf/fonts/enc/dvips/lm/lm-mathit.enc}{/usr/s
hare/texmf/fonts/enc/dvips/lm/lm-rm.enc}{/usr/share/texmf/fonts/enc/dvips/lm/lm
-mathsy.enc}]
[2]
[3]
[4]
[5 <./figures/fig2_mechanism.pdf>]
[6{/usr/share/texmf/fonts/enc/dvips/lm/lm-mathex.enc} <./figures/fig1_pipeline.
pdf>]
Underfull \hbox (badness 1253) in paragraph at lines 154--154
[]|\T1/lmr/m/n/9 (+20) Reads state be-fore

[7]
Underfull \hbox (badness 10000) in paragraph at lines 181--181
[]|\T1/lmr/m/n/9 (+20) Vehicle-shift

Underfull \hbox (badness 10000) in paragraph at lines 181--181
[]|\T1/lmr/m/n/9 (+20) Attack-shift

Underfull \hbox (badness 10000) in paragraph at lines 181--181
[]|\T1/lmr/m/n/9 (+20) Joint

Underfull \hbox (badness 10000) in paragraph at lines 181--181
\T1/lmr/m/n/9 (+20) vehicle/attack-

Underfull \hbox (badness 2310) in paragraph at lines 204--204
[]|\T1/lmr/m/n/9 (+20) Reproduced clas-si-

Underfull \hbox (badness 10000) in paragraph at lines 204--204
[]|\T1/lmr/m/n/9 (+20) Sample-feature

Underfull \hbox (badness 10000) in paragraph at lines 204--204
[]|\T1/lmr/m/n/9 (+20) Neural clas-si-cal

Underfull \hbox (badness 10000) in paragraph at lines 204--204
[]|\T1/lmr/m/n/9 (+20) Raw-window

Underfull \hbox (badness 3179) in paragraph at lines 204--204
[]|\T1/lmr/m/n/9 (+20) Raw W100 frame se-

Underfull \hbox (badness 10000) in paragraph at lines 204--204
[]|\T1/lmr/m/n/9 (+20) Raw W100 win-dow

Underfull \hbox (badness 10000) in paragraph at lines 204--204
[]|\T1/lmr/m/n/9 (+20) GRAIN-CAN

Underfull \hbox (badness 3746) in paragraph at lines 204--204
[]|\T1/lmr/m/n/9 (+20) Proposed de-tec-tor

[8]
[9]
[10]
[11]
[12 <./figures/fig3_same_classifier.pdf> <./figures/fig4_shift_matrix.pdf>]
[13 <./figures/fig5_ablation.pdf>]
[14 <./figures/fig6_low_fpr.pdf>]
[15]
[16]
[17] (./grain_can_framework_style_v22.aux)

LaTeX Warning: Label(s) may have changed. Rerun to get cross-references right.

 )
(see the transcript file for additional information)</usr/share/texmf/fonts/typ
e1/public/lm/lmbx10.pfb></usr/share/texmf/fonts/type1/public/lm/lmbx12.pfb></us
r/share/texmf/fonts/type1/public/lm/lmbx9.pfb></usr/share/texmf/fonts/type1/pub
lic/lm/lmex10.pfb></usr/share/texmf/fonts/type1/public/lm/lmmi10.pfb></usr/shar
e/texmf/fonts/type1/public/lm/lmmi5.pfb></usr/share/texmf/fonts/type1/public/lm
/lmmi6.pfb></usr/share/texmf/fonts/type1/public/lm/lmmi7.pfb></usr/share/texmf/
fonts/type1/public/lm/lmmib10.pfb></usr/share/texmf/fonts/type1/public/lm/lmr10
.pfb></usr/share/texmf/fonts/type1/public/lm/lmr5.pfb></usr/share/texmf/fonts/t
ype1/public/lm/lmr6.pfb></usr/share/texmf/fonts/type1/public/lm/lmr7.pfb></usr/
share/texmf/fonts/type1/public/lm/lmr9.pfb></usr/share/texmf/fonts/type1/public
/lm/lmri10.pfb></usr/share/texmf/fonts/type1/public/lm/lmsy10.pfb></usr/share/t
exmf/fonts/type1/public/lm/lmsy5.pfb></usr/share/texmf/fonts/type1/public/lm/lm
sy6.pfb></usr/share/texmf/fonts/type1/public/lm/lmsy7.pfb></usr/share/texmf/fon
ts/type1/public/lm/lmsy9.pfb></usr/share/texmf/fonts/type1/public/lm/lmtt9.pfb>

Output written on grain_can_framework_style_v22.pdf (17 pages, 466096 bytes).
Transcript written on grain_can_framework_style_v22.log.
Latexmk: Getting log file 'grain_can_framework_style_v22.log'
Latexmk: Examining 'grain_can_framework_style_v22.fls'
Latexmk: Examining 'grain_can_framework_style_v22.log'
Latexmk: References changed.
Latexmk: Log file says output to 'grain_can_framework_style_v22.pdf'
Latexmk: applying rule 'pdflatex'...
Rule 'pdflatex':  Reasons for rerun
Changed files or newly in use/created:
  grain_can_framework_style_v22.aux

------------
Run number 2 of rule 'pdflatex'
------------
------------
Running 'pdflatex  -interaction=nonstopmode -recorder  "grain_can_framework_style_v22.tex"'
------------
This is pdfTeX, Version 3.141592653-2.6-1.40.26 (TeX Live 2025/dev/Debian) (preloaded format=pdflatex)
 restricted \write18 enabled.
entering extended mode
(./grain_can_framework_style_v22.tex
LaTeX2e <2024-11-01> patch level 2
L3 programming layer <2025-01-18>
(./llncs.cls
Document Class: llncs 2024/01/29 v2.24 
 LaTeX document class for Lecture Notes in Computer Science
(/usr/share/texlive/texmf-dist/tex/latex/base/article.cls
Document Class: article 2024/06/29 v1.4n Standard LaTeX document class
(/usr/share/texlive/texmf-dist/tex/latex/base/size10.clo))
(/usr/share/texlive/texmf-dist/tex/latex/tools/multicol.sty)
(/usr/share/texlive/texmf-dist/tex/latex/oberdiek/aliascnt.sty))
(/usr/share/texlive/texmf-dist/tex/latex/base/fontenc.sty)
(/usr/share/texlive/texmf-dist/tex/latex/graphics/graphicx.sty
(/usr/share/texlive/texmf-dist/tex/latex/graphics/keyval.sty)
(/usr/share/texlive/texmf-dist/tex/latex/graphics/graphics.sty
(/usr/share/texlive/texmf-dist/tex/latex/graphics/trig.sty)
(/usr/share/texlive/texmf-dist/tex/latex/graphics-cfg/graphics.cfg)
(/usr/share/texlive/texmf-dist/tex/latex/graphics-def/pdftex.def)))
(/usr/share/texlive/texmf-dist/tex/latex/amsmath/amsmath.sty
For additional information on amsmath, use the `?' option.
(/usr/share/texlive/texmf-dist/tex/latex/amsmath/amstext.sty
(/usr/share/texlive/texmf-dist/tex/latex/amsmath/amsgen.sty))
(/usr/share/texlive/texmf-dist/tex/latex/amsmath/amsbsy.sty)
(/usr/share/texlive/texmf-dist/tex/latex/amsmath/amsopn.sty)

Package amsmath Warning: Unable to redefine math accent \vec.

) (/usr/share/texlive/texmf-dist/tex/latex/booktabs/booktabs.sty)
(/usr/share/texlive/texmf-dist/tex/latex/tools/array.sty)
(/usr/share/texlive/texmf-dist/tex/latex/tools/tabularx.sty)
(/usr/share/texlive/texmf-dist/tex/latex/url/url.sty)
(/usr/share/texlive/texmf-dist/tex/latex/placeins/placeins.sty)
(/usr/share/texlive/texmf-dist/tex/latex/float/float.sty)
(/usr/share/texmf/tex/latex/lm/lmodern.sty)
(/usr/share/texlive/texmf-dist/tex/latex/microtype/microtype.sty
(/usr/share/texlive/texmf-dist/tex/latex/etoolbox/etoolbox.sty)
(/usr/share/texlive/texmf-dist/tex/latex/microtype/microtype-pdftex.def)
(/usr/share/texlive/texmf-dist/tex/latex/microtype/microtype.cfg))
(/usr/share/texmf/tex/latex/lm/t1lmr.fd)
(/usr/share/texlive/texmf-dist/tex/latex/l3backend/l3backend-pdftex.def)
(./grain_can_framework_style_v22.aux)
(/usr/share/texlive/texmf-dist/tex/context/base/mkii/supp-pdf.mkii
[Loading MPS to PDF converter (version 2006.09.02).]
) (/usr/share/texlive/texmf-dist/tex/latex/epstopdf-pkg/epstopdf-base.sty
(/usr/share/texlive/texmf-dist/tex/latex/latexconfig/epstopdf-sys.cfg))
(/usr/share/texlive/texmf-dist/tex/latex/microtype/mt-cmr.cfg)
(/usr/share/texmf/tex/latex/lm/ot1lmr.fd)
(/usr/share/texmf/tex/latex/lm/omllmm.fd)
(/usr/share/texmf/tex/latex/lm/omslmsy.fd)
(/usr/share/texmf/tex/latex/lm/omxlmex.fd)
(/usr/share/texmf/tex/latex/lm/t1lmtt.fd)
Underfull \hbox (badness 2698) in paragraph at lines 36--36
 [][]\T1/lmr/m/n/9 (+20) This work is sup-ported by the Na-tional Nat-u-ral Sci
-ence Foun-da-tion of

Underfull \hbox (badness 1931) in paragraph at lines 36--36
 \T1/lmr/m/n/9 (+20) (LMS26E080008), Beijing-Tianjin-Hebei Ba-sic Re-search Co-
op-er-a-tion Project

[1{/var/lib/texmf/fonts/map/pdftex/updmap/pdftex.map}{/usr/share/texmf/fonts/en
c/dvips/lm/lm-ec.enc}{/usr/share/texmf/fonts/enc/dvips/lm/lm-mathit.enc}{/usr/s
hare/texmf/fonts/enc/dvips/lm/lm-rm.enc}{/usr/share/texmf/fonts/enc/dvips/lm/lm
-mathsy.enc}]
[2]
[3]
[4]
[5 <./figures/fig2_mechanism.pdf>]
[6{/usr/share/texmf/fonts/enc/dvips/lm/lm-mathex.enc} <./figures/fig1_pipeline.
pdf>]
Underfull \hbox (badness 1253) in paragraph at lines 154--154
[]|\T1/lmr/m/n/9 (+20) Reads state be-fore

[7]
Underfull \hbox (badness 10000) in paragraph at lines 181--181
[]|\T1/lmr/m/n/9 (+20) Vehicle-shift

Underfull \hbox (badness 10000) in paragraph at lines 181--181
[]|\T1/lmr/m/n/9 (+20) Attack-shift

Underfull \hbox (badness 10000) in paragraph at lines 181--181
[]|\T1/lmr/m/n/9 (+20) Joint

Underfull \hbox (badness 10000) in paragraph at lines 181--181
\T1/lmr/m/n/9 (+20) vehicle/attack-

Underfull \hbox (badness 2310) in paragraph at lines 204--204
[]|\T1/lmr/m/n/9 (+20) Reproduced clas-si-

Underfull \hbox (badness 10000) in paragraph at lines 204--204
[]|\T1/lmr/m/n/9 (+20) Sample-feature

Underfull \hbox (badness 10000) in paragraph at lines 204--204
[]|\T1/lmr/m/n/9 (+20) Neural clas-si-cal

Underfull \hbox (badness 10000) in paragraph at lines 204--204
[]|\T1/lmr/m/n/9 (+20) Raw-window

Underfull \hbox (badness 3179) in paragraph at lines 204--204
[]|\T1/lmr/m/n/9 (+20) Raw W100 frame se-

Underfull \hbox (badness 10000) in paragraph at lines 204--204
[]|\T1/lmr/m/n/9 (+20) Raw W100 win-dow

Underfull \hbox (badness 10000) in paragraph at lines 204--204
[]|\T1/lmr/m/n/9 (+20) GRAIN-CAN

Underfull \hbox (badness 3746) in paragraph at lines 204--204
[]|\T1/lmr/m/n/9 (+20) Proposed de-tec-tor

[8]
[9]
[10]
[11]
[12 <./figures/fig3_same_classifier.pdf> <./figures/fig4_shift_matrix.pdf>]
[13 <./figures/fig5_ablation.pdf>]
[14 <./figures/fig6_low_fpr.pdf>]
[15]
[16]
[17] (./grain_can_framework_style_v22.aux) )
(see the transcript file for additional information)</usr/share/texmf/fonts/typ
e1/public/lm/lmbx10.pfb></usr/share/texmf/fonts/type1/public/lm/lmbx12.pfb></us
r/share/texmf/fonts/type1/public/lm/lmbx9.pfb></usr/share/texmf/fonts/type1/pub
lic/lm/lmex10.pfb></usr/share/texmf/fonts/type1/public/lm/lmmi10.pfb></usr/shar
e/texmf/fonts/type1/public/lm/lmmi5.pfb></usr/share/texmf/fonts/type1/public/lm
/lmmi6.pfb></usr/share/texmf/fonts/type1/public/lm/lmmi7.pfb></usr/share/texmf/
fonts/type1/public/lm/lmmib10.pfb></usr/share/texmf/fonts/type1/public/lm/lmr10
.pfb></usr/share/texmf/fonts/type1/public/lm/lmr5.pfb></usr/share/texmf/fonts/t
ype1/public/lm/lmr6.pfb></usr/share/texmf/fonts/type1/public/lm/lmr7.pfb></usr/
share/texmf/fonts/type1/public/lm/lmr9.pfb></usr/share/texmf/fonts/type1/public
/lm/lmri10.pfb></usr/share/texmf/fonts/type1/public/lm/lmsy10.pfb></usr/share/t
exmf/fonts/type1/public/lm/lmsy5.pfb></usr/share/texmf/fonts/type1/public/lm/lm
sy6.pfb></usr/share/texmf/fonts/type1/public/lm/lmsy7.pfb></usr/share/texmf/fon
ts/type1/public/lm/lmsy9.pfb></usr/share/texmf/fonts/type1/public/lm/lmtt9.pfb>

Output written on grain_can_framework_style_v22.pdf (17 pages, 466096 bytes).
Transcript written on grain_can_framework_style_v22.log.
Latexmk: Getting log file 'grain_can_framework_style_v22.log'
Latexmk: Examining 'grain_can_framework_style_v22.fls'
Latexmk: Examining 'grain_can_framework_style_v22.log'
Latexmk: Log file says output to 'grain_can_framework_style_v22.pdf'
Latexmk: All targets (grain_can_framework_style_v22.pdf) are up-to-date

